\pset tuples_only on
\set hexagon '\'831c02fffffffff\'::h3index'
CREATE TABLE h3_test_gist (hex h3index);
CREATE INDEX GIST_IDX ON h3_test_gist USING gist(hex);
INSERT INTO h3_test_gist (hex) SELECT h3_cell_to_parent(:hexagon);
INSERT INTO h3_test_gist (hex) SELECT h3_cell_to_children(:hexagon);
INSERT INTO h3_test_gist (hex) SELECT h3_cell_to_center_child(:hexagon, 15);
--
-- TEST GiST
--
SELECT COUNT(*) = 1 FROM h3_test_gist WHERE hex @> :hexagon;
 t

SELECT COUNT(*) = 8 FROM h3_test_gist WHERE hex <@ :hexagon;
 t

INSERT INTO h3_test_gist (hex) SELECT h3_grid_disk(:hexagon, 2);
SELECT COUNT(*) = 8 FROM h3_test_gist WHERE hex <-> :hexagon = 2;
 t

--
-- BREAK GIST
--
SELECT COUNT(*) = 8 FROM h3_test_gist WHERE hex <@ :hexagon;
 t

SELECT COUNT(*) FROM h3_test_gist WHERE hex <@ :hexagon;
     8

INSERT INTO h3_test_gist (hex) SELECT h3_cell_to_children(:hexagon, 8);
SELECT COUNT(*) > 8 FROM h3_test_gist WHERE hex <@ :hexagon;
 t

