\pset tuples_only on
\set string '\'801dfffffffffff\''
\set asbigint 576988517884755967
\set hexagon ':string::h3index'
\set pentagon '\'844c001ffffffff\'::h3index'
--
-- TEST operators
--
SELECT :hexagon = :hexagon;
 t

SELECT NOT :hexagon = :pentagon;
 t

SELECT NOT :hexagon <> :hexagon;
 t

SELECT :hexagon <> :pentagon;
 t

SELECT :pentagon <@ h3_cell_to_parent(:pentagon);
 t

SELECT bool_and(:pentagon @> c) FROM (
    SELECT h3_cell_to_children(:pentagon) c
) q;
 t

--
-- TEST bigint casting
--
SELECT :asbigint = :hexagon::bigint;
 t

SELECT :hexagon = :asbigint::h3index;
 t

